INFO:root:this is my very first code for logging
INFO:root:this is my very first code for logging
INFO:root:this is my very first code for logging
INFO:root:this is my very first code for logging
INFO:root:this is my very first code for logging
INFO:root:[1, 2, 3, 4, 5, 6, 7, 7]
INFO:root:this is my very first code for logging
WARNING:root:this will try to load a warniing message
INFO:root:[1, 2, 3, 4, 5, 6, 7, 7]
INFO:root:this is my very first code for logging
WARNING:root:this will try to load a warniing message
INFO:root:[1, 2, 3, 4, 5, 6, 7, 7]
WARNING:root:this is a warning for a user that they have found out 2 in list
INFO:root:this is my very first code for logging
WARNING:root:this will try to load a warniing message
ERROR:root:this is a error message from system
INFO:root:[1, 2, 3, 4, 5, 6, 7, 7]
WARNING:root:this is a warning for a user that they have found out 2 in list
INFO:root:this is my very first code for logging
WARNING:root:this will try to load a warniing message
ERROR:root:this is a error message from system
INFO:root:[1, 2, 3, 4, 5, 6, 7, 7]
WARNING:root:this is a warning for a user that they have found out 2 in list
